{"id":31,"level":"INFO","message":"Server started successfully","created_at":"2026-08-03T08:57:06.425Z"}
{"id":32,"level":"INFO","message":"User login","created_at":"2026-08-03T08:57:06.469Z"}
{"id":33,"level":"WARNING","message":"Disk usage is high","created_at":"2026-08-03T08:57:06.487Z"}
{"id":34,"level":"ERROR","message":"Database timeout","created_at":"2026-08-03T08:57:06.505Z"}
{"id":35,"level":"INFO","message":"Backup completed","created_at":"2026-08-03T08:57:06.525Z"}
{"id":36,"level":"WARNING","message":"Memory usage 80","created_at":"2026-08-03T08:57:06.544Z"}
{"id":37,"level":"ERROR","message":"Cannot connect to API","created_at":"2026-08-03T08:57:06.565Z"}
{"id":38,"level":"INFO","message":"Server started successfully","created_at":"2026-08-03T08:58:20.993Z"}
{"id":39,"level":"INFO","message":"User login","created_at":"2026-08-03T08:58:21.012Z"}
{"id":40,"level":"WARNING","message":"Disk usage is high","created_at":"2026-08-03T08:58:21.032Z"}
{"id":41,"level":"ERROR","message":"Database timeout","created_at":"2026-08-03T08:58:21.049Z"}
{"id":42,"level":"INFO","message":"Backup completed","created_at":"2026-08-03T08:58:21.072Z"}
{"id":43,"level":"WARNING","message":"Memory usage 80","created_at":"2026-08-03T08:58:21.096Z"}
{"id":44,"level":"ERROR","message":"Cannot connect to API","created_at":"2026-08-03T08:58:21.115Z"}
{"id":45,"level":"INFO","message":"Server started successfully","created_at":"2026-08-03T09:39:34.106Z"}
{"id":46,"level":"INFO","message":"User login","created_at":"2026-08-03T09:39:34.162Z"}
{"id":47,"level":"WARNING","message":"Disk usage is high","created_at":"2026-08-03T09:39:34.196Z"}
{"id":48,"level":"ERROR","message":"Database timeout","created_at":"2026-08-03T09:39:34.236Z"}
{"id":49,"level":"INFO","message":"Backup completed","created_at":"2026-08-03T09:39:34.278Z"}
{"id":50,"level":"WARNING","message":"Memory usage 80","created_at":"2026-08-03T09:39:34.329Z"}
{"id":51,"level":"ERROR","message":"Cannot connect to API","created_at":"2026-08-03T09:39:34.370Z"}
{"id":52,"level":"INFO","message":"Server started successfully","created_at":"2026-08-03T09:40:31.472Z"}
{"id":53,"level":"INFO","message":"User login","created_at":"2026-08-03T09:40:31.501Z"}
{"id":54,"level":"WARNING","message":"Disk usage is high","created_at":"2026-08-03T09:40:31.532Z"}
{"id":55,"level":"ERROR","message":"Database timeout","created_at":"2026-08-03T09:40:31.560Z"}
{"id":56,"level":"INFO","message":"Backup completed","created_at":"2026-08-03T09:40:31.589Z"}
{"id":57,"level":"WARNING","message":"Memory usage 80","created_at":"2026-08-03T09:40:31.616Z"}
{"id":58,"level":"ERROR","message":"Cannot connect to API","created_at":"2026-08-03T09:40:31.648Z"}
{"id":59,"level":"INFO","message":"Server started successfully","created_at":"2026-08-03T09:41:38.987Z"}
{"id":60,"level":"INFO","message":"User login","created_at":"2026-08-03T09:41:39.017Z"}
{"id":61,"level":"WARNING","message":"Disk usage is high","created_at":"2026-08-03T09:41:39.044Z"}
{"id":62,"level":"ERROR","message":"Database timeout","created_at":"2026-08-03T09:41:39.071Z"}
{"id":63,"level":"INFO","message":"Backup completed","created_at":"2026-08-03T09:41:39.101Z"}
{"id":64,"level":"WARNING","message":"Memory usage 80","created_at":"2026-08-03T09:41:39.127Z"}
{"id":65,"level":"ERROR","message":"Cannot connect to API","created_at":"2026-08-03T09:41:39.153Z"}
2026-08-03 12:44:08 -> INFO -> 200 -> {"id":66,"level":"INFO","message":"Server started successfully","created_at":"2026-08-03T09:44:08.578Z"}
2026-08-03 12:44:08 -> INFO -> 200 -> {"id":67,"level":"INFO","message":"User login","created_at":"2026-08-03T09:44:08.609Z"}
2026-08-03 12:44:08 -> WARNING -> 200 -> {"id":68,"level":"WARNING","message":"Disk usage is high","created_at":"2026-08-03T09:44:08.631Z"}
2026-08-03 12:44:08 -> ERROR -> 200 -> {"id":69,"level":"ERROR","message":"Database timeout","created_at":"2026-08-03T09:44:08.653Z"}
2026-08-03 12:44:08 -> INFO -> 200 -> {"id":70,"level":"INFO","message":"Backup completed","created_at":"2026-08-03T09:44:08.674Z"}
2026-08-03 12:44:08 -> WARNING -> 200 -> {"id":71,"level":"WARNING","message":"Memory usage 80","created_at":"2026-08-03T09:44:08.698Z"}
2026-08-03 12:44:08 -> ERROR -> 200 -> {"id":72,"level":"ERROR","message":"Cannot connect to API","created_at":"2026-08-03T09:44:08.720Z"}
2026-08-03 13:23:47 -> INFO -> 200 -> {"id":73,"level":"INFO","message":"Server started successfully","created_at":"2026-08-03T10:23:47.027Z"}
2026-08-03 13:23:47 -> INFO -> 200 -> {"id":74,"level":"INFO","message":"User login","created_at":"2026-08-03T10:23:47.061Z"}
2026-08-03 13:23:47 -> WARNING -> 200 -> {"id":75,"level":"WARNING","message":"Disk usage is high","created_at":"2026-08-03T10:23:47.086Z"}
2026-08-03 13:23:47 -> ERROR -> 200 -> {"id":76,"level":"ERROR","message":"Database timeout","created_at":"2026-08-03T10:23:47.112Z"}
2026-08-03 13:23:47 -> INFO -> 200 -> {"id":77,"level":"INFO","message":"Backup completed","created_at":"2026-08-03T10:23:47.134Z"}
2026-08-03 13:23:47 -> WARNING -> 200 -> {"id":78,"level":"WARNING","message":"Memory usage 80","created_at":"2026-08-03T10:23:47.159Z"}
2026-08-03 13:23:47 -> ERROR -> 200 -> {"id":79,"level":"ERROR","message":"Cannot connect to API","created_at":"2026-08-03T10:23:47.184Z"}
